Failed to start or connect to the Nx Daemon process.

Messages from the log:
[NX v23.2.0 Daemon Server] - 2026-09-03T17:42:58.931Z - Responding to REQUEST_PROJECT_GRAPH message
[NX v23.2.0 Daemon Server] - 2026-09-03T17:42:58.932Z - [REQUEST]: Responding to the client. project-graph
[NX v23.2.0 Daemon Server] - 2026-09-03T17:42:58.932Z - Done responding to the client project-graph
[NX v23.2.0 Daemon Client] - 2026-09-03T17:42:58.932Z - [Messenger] Received message, length: 13753
[NX v23.2.0 Daemon Server] - 2026-09-03T17:42:58.932Z - Handled json message REQUEST_PROJECT_GRAPH. Handling time: 4899. Response time: 1.
[NX v23.2.0 Daemon Server] - 2026-09-03T17:42:58.933Z - Time taken for 'total for creating and serializing project graph' 4898.55821ms
[NX v23.2.0 Daemon Server] - 2026-09-03T17:42:58.936Z - Time taken for 'total execution time for createProjectGraph()' 1619.5227509999995ms
[NX v23.2.0 Daemon Server] - 2026-09-03T17:42:58.936Z - Time taken for 'createDependencies' 1612.658042ms
[NX v23.2.0 Daemon Server] - 2026-09-03T17:42:58.939Z - Time taken for 'nx/js/dependencies-and-lockfile:createDependencies' 1611.9765430000007ms
[NX v23.2.0 Daemon Server] - 2026-09-03T17:42:58.940Z - Time taken for 'createMetadata' 0.018541999999797554ms
[NX v23.2.0 Daemon Server] - 2026-09-03T17:42:58.941Z - Time taken for 'serialize graph' 0.07883299999957671ms
[NX v23.2.0 Daemon Server] - 2026-09-03T17:42:58.942Z - Time taken for 'write cache' 6.5795420000004015ms
[NX v23.2.0 Daemon Server] - 2026-09-03T17:42:58.980Z - Closed a connection. Number of open connections: 0
[NX v23.2.0 Daemon Client] - 2026-09-03T17:46:06.010Z - [Client] Starting new daemon server in background
[NX v23.2.0 Daemon Client] - 2026-09-03T17:46:06.191Z - [Client] Waiting for server (max: 6000 attempts, 10ms interval)

 NX   Watcher is not a constructor

[NX v23.2.0 Daemon Client] - 2026-09-03T17:47:14.988Z - [Client] Server not available after 6000 attempts



More information: /Users/imjpeti/Works/e-commerce_engine/.nx/workspace-data/d/daemon.log